Program
  ImportDeclaration(module., )
  ImportDeclaration(module.name, )
  ImportDeclaration(module., alias)
  ImportDeclaration(module.name, alias)
  ImportDeclaration(module., m)
  ImportDeclaration(module., , optional)
  TypeDeclaration
    TypeSimple(type)
  TypeDeclaration
    TypeParameterised(Array)
      TypeSimple(type)
  TypeDeclaration
    TypeParameterised(Dictionary)
      TypeSimple(type)
  TypeDeclaration
    TypeRecord()
  TypeDeclaration
    TypeRecord(name)
  TypeDeclaration
    TypeRecord(name,name)
  TypeDeclaration
    TypeClass()
  TypeDeclaration
    TypeClass(name)
  TypeDeclaration
    TypeClass(name,name)
  TypeDeclaration
    TypeClass()
  TypeDeclaration
    TypeClass()
  TypeDeclaration
    TypeClass()
  TypeDeclaration
    TypeClass()
  TypeDeclaration
    TypeEnum()
  TypeDeclaration
    TypeEnum(one)
  TypeDeclaration
    TypeEnum(one,two)
  TypeDeclaration
    TypePointer
      TypeSimple(type)
  TypeDeclaration
    TypeFunctionPointer
      nullptr
  TypeDeclaration
    TypeQualified(one,two)
  TypeDeclaration
    TypeQualified(one,two,three)
  ConstantDeclaration(name)
    TypeSimple(type)
    IdentifierExpression(expr)
  ConstantDeclaration(name)
    nullptr
    IdentifierExpression(expr)
  NativeConstantDeclaration(name)
    TypeSimple(type)
  VariableDeclaration(name)
    TypeSimple(type)
    nullptr
  VariableDeclaration(name,name)
    TypeSimple(type)
    nullptr
  VariableDeclaration(name)
    TypeSimple(type)
    IdentifierExpression(expr)
  VariableDeclaration(name)
    nullptr
    IdentifierExpression(expr)
  NativeVariableDeclaration(name)
    TypeSimple(type)
  LetDeclaration(name)
    TypeSimple(type)
    IdentifierExpression(expr)
  LetDeclaration(name)
    nullptr
    IdentifierExpression(expr)
  FunctionDeclaration(name)
    nullptr
  FunctionDeclaration(name)
    nullptr
    ExpressionStatement
      FunctionCallExpression
        IdentifierExpression(statement)
  FunctionDeclaration(name)
    nullptr
    ExpressionStatement
      FunctionCallExpression
        IdentifierExpression(statement)
    ExpressionStatement
      FunctionCallExpression
        IdentifierExpression(statement)
  NativeFunctionDeclaration(name)
    nullptr
  ExtensionFunctionDeclaration(name)
    nullptr
  FunctionDeclaration(name)
    nullptr
  FunctionDeclaration(name)
    nullptr
  FunctionDeclaration(name)
    nullptr
  FunctionDeclaration(name)
    nullptr
    IN x
      TypeSimple(type)
  FunctionDeclaration(name)
    nullptr
    IN x
      TypeSimple(type)
    IN y
      TypeSimple(type)
  FunctionDeclaration(name)
    TypeSimple(type)
  FunctionDeclaration(name)
    nullptr
    IN x
      TypeSimple(type)
  FunctionDeclaration(name)
    nullptr
    IN x
      TypeSimple(type)
    IN y
      TypeSimple(type)
  FunctionDeclaration(name)
    nullptr
    IN x
      TypeSimple(type)
  FunctionDeclaration(name)
    nullptr
    OUT x
      TypeSimple(type)
  FunctionDeclaration(name)
    nullptr
    INOUT x
      TypeSimple(type)
  FunctionDeclaration(name)
    nullptr
    IN x
      TypeSimple(type)
  FunctionDeclaration(name)
    nullptr
    IN x
      TypeSimple(type)
  ExceptionDeclaration(name)
  InterfaceDeclaration()
  InterfaceDeclaration(func)
  ExportDeclaration(name)
  FunctionDeclaration(MAIN)
    nullptr
  FunctionDeclaration(MAIN)
    nullptr
    ExpressionStatement
      FunctionCallExpression
        IdentifierExpression(statement)
  FunctionDeclaration(MAIN)
    nullptr
    ExpressionStatement
      FunctionCallExpression
        IdentifierExpression(statement)
    ExpressionStatement
      FunctionCallExpression
        IdentifierExpression(statement)
  AssertStatement
    IdentifierExpression(expr)
  AssertStatement
    IdentifierExpression(expr)
    IdentifierExpression(expr)
  AssignmentStatement
    IdentifierExpression(name)
    IdentifierExpression(expr)
  AssignmentStatement
    DummyExpression
    IdentifierExpression(expr)
  CaseStatement
    IdentifierExpression(expr)
  CaseStatement
    IdentifierExpression(expr)
    ComparisonWhenCondition(EQ)
      IdentifierExpression(cond)
  CaseStatement
    IdentifierExpression(expr)
    ComparisonWhenCondition(EQ)
      IdentifierExpression(cond)
      ExpressionStatement
        FunctionCallExpression
          IdentifierExpression(statement)
  CaseStatement
    IdentifierExpression(expr)
    ComparisonWhenCondition(EQ)
      IdentifierExpression(cond)
      ExpressionStatement
        FunctionCallExpression
          IdentifierExpression(statement)
      ExpressionStatement
        FunctionCallExpression
          IdentifierExpression(statement)
  CaseStatement
    IdentifierExpression(expr)
    ComparisonWhenCondition(EQ)
      IdentifierExpression(cond)
      ExpressionStatement
        FunctionCallExpression
          IdentifierExpression(statement)
  CaseStatement
    IdentifierExpression(expr)
    ComparisonWhenCondition(EQ)
      IdentifierExpression(cond)
      ExpressionStatement
        FunctionCallExpression
          IdentifierExpression(statement)
      ExpressionStatement
        FunctionCallExpression
          IdentifierExpression(statement)
  CaseStatement
    IdentifierExpression(expr)
    ComparisonWhenCondition(EQ)
      IdentifierExpression(cond)
      ExpressionStatement
        FunctionCallExpression
          IdentifierExpression(statement)
      ExpressionStatement
        FunctionCallExpression
          IdentifierExpression(statement)
      ExpressionStatement
        FunctionCallExpression
          IdentifierExpression(statement)
  CaseStatement
    IdentifierExpression(expr)
    ComparisonWhenCondition(EQ)
      IdentifierExpression(cond)
    ComparisonWhenCondition(EQ)
      IdentifierExpression(cond)
  CheckStatement
    IdentifierExpression(expr)
  CheckStatement
    IdentifierExpression(expr)
    ExpressionStatement
      FunctionCallExpression
        IdentifierExpression(statement)
  CheckStatement
    IdentifierExpression(expr)
    ExpressionStatement
      FunctionCallExpression
        IdentifierExpression(statement)
    ExpressionStatement
      FunctionCallExpression
        IdentifierExpression(statement)
  CheckStatement
    ValidPointerExpression
      IdentifierExpression(name)
  CheckStatement
    ValidPointerExpression
      IdentifierExpression(expr)
  CheckStatement
    ValidPointerExpression
      IdentifierExpression(expr)
      IdentifierExpression(expr)
  CaseStatement
    IdentifierExpression(expr)
    ComparisonWhenCondition(EQ)
      IdentifierExpression(expr)
  CaseStatement
    IdentifierExpression(expr)
    ComparisonWhenCondition(NE)
      IdentifierExpression(expr)
  CaseStatement
    IdentifierExpression(expr)
    ComparisonWhenCondition(LT)
      IdentifierExpression(expr)
  CaseStatement
    IdentifierExpression(expr)
    ComparisonWhenCondition(GT)
      IdentifierExpression(expr)
  CaseStatement
    IdentifierExpression(expr)
    ComparisonWhenCondition(LE)
      IdentifierExpression(expr)
  CaseStatement
    IdentifierExpression(expr)
    ComparisonWhenCondition(GE)
      IdentifierExpression(expr)
  CaseStatement
    IdentifierExpression(expr)
    ComparisonWhenCondition(EQ)
      IdentifierExpression(expr)
  CaseStatement
    IdentifierExpression(expr)
    RangeWhenCondition
      IdentifierExpression(expr)
      IdentifierExpression(expr)
  ExitStatement(FUNCTION)
  ExitStatement(WHILE)
  ExitStatement(FOR)
  ExitStatement(FOREACH)
  ExitStatement(LOOP)
  ExitStatement(REPEAT)
  ExitStatement(label)
  ExpressionStatement
    FunctionCallExpression
      IdentifierExpression(statement)
  ForStatement(name)
    IdentifierExpression(expr)
    IdentifierExpression(expr)
    nullptr
    FOR
  ForStatement(name)
    IdentifierExpression(expr)
    IdentifierExpression(expr)
    nullptr
    FOR
    ExpressionStatement
      FunctionCallExpression
        IdentifierExpression(statement)
  ForStatement(name)
    IdentifierExpression(expr)
    IdentifierExpression(expr)
    nullptr
    FOR
    ExpressionStatement
      FunctionCallExpression
        IdentifierExpression(statement)
    ExpressionStatement
      FunctionCallExpression
        IdentifierExpression(statement)
  ForStatement(name)
    IdentifierExpression(expr)
    IdentifierExpression(expr)
    IdentifierExpression(expr)
    FOR
  ForStatement(name)
    IdentifierExpression(expr)
    IdentifierExpression(expr)
    nullptr
    label
  ForeachStatement(name)
    IdentifierExpression(expr)
    FOREACH
  ForeachStatement(name)
    IdentifierExpression(expr)
    FOREACH
    ExpressionStatement
      FunctionCallExpression
        IdentifierExpression(statement)
  ForeachStatement(name)
    IdentifierExpression(expr)
    FOREACH
    ExpressionStatement
      FunctionCallExpression
        IdentifierExpression(statement)
    ExpressionStatement
      FunctionCallExpression
        IdentifierExpression(statement)
  ForeachStatement(name)
    IdentifierExpression(expr)
    FOREACH
  ForeachStatement(name)
    IdentifierExpression(expr)
    label
  IfStatement
    IdentifierExpression(expr)
  IfStatement
    IdentifierExpression(expr)
    ExpressionStatement
      FunctionCallExpression
        IdentifierExpression(statement)
  IfStatement
    IdentifierExpression(expr)
    ExpressionStatement
      FunctionCallExpression
        IdentifierExpression(statement)
    ExpressionStatement
      FunctionCallExpression
        IdentifierExpression(statement)
  IfStatement
    IdentifierExpression(expr)
    ExpressionStatement
      FunctionCallExpression
        IdentifierExpression(statement)
    IdentifierExpression(expr)
    ExpressionStatement
      FunctionCallExpression
        IdentifierExpression(statement)
  IfStatement
    IdentifierExpression(expr)
    ExpressionStatement
      FunctionCallExpression
        IdentifierExpression(statement)
    IdentifierExpression(expr)
    ExpressionStatement
      FunctionCallExpression
        IdentifierExpression(statement)
  IfStatement
    IdentifierExpression(expr)
    ExpressionStatement
      FunctionCallExpression
        IdentifierExpression(statement)
    IdentifierExpression(expr)
    ExpressionStatement
      FunctionCallExpression
        IdentifierExpression(statement)
    ExpressionStatement
      FunctionCallExpression
        IdentifierExpression(statement)
  IfStatement
    IdentifierExpression(expr)
    ExpressionStatement
      FunctionCallExpression
        IdentifierExpression(statement)
    IdentifierExpression(expr)
    ExpressionStatement
      FunctionCallExpression
        IdentifierExpression(statement)
    ExpressionStatement
      FunctionCallExpression
        IdentifierExpression(statement)
    ExpressionStatement
      FunctionCallExpression
        IdentifierExpression(statement)
  IfStatement
    ValidPointerExpression
      IdentifierExpression(name)
  IfStatement
    ValidPointerExpression
      IdentifierExpression(expr)
  IfStatement
    ValidPointerExpression
      IdentifierExpression(expr)
      IdentifierExpression(expr)
  IfStatement
    ImportedModuleExpression(mod)
  IncrementStatement(1)
    IdentifierExpression(expr)
  IncrementStatement(-1)
    IdentifierExpression(expr)
  LoopStatement
    LOOP
  LoopStatement
    LOOP
    ExpressionStatement
      FunctionCallExpression
        IdentifierExpression(statement)
  LoopStatement
    LOOP
    ExpressionStatement
      FunctionCallExpression
        IdentifierExpression(statement)
    ExpressionStatement
      FunctionCallExpression
        IdentifierExpression(statement)
  LoopStatement
    label
    ExpressionStatement
      FunctionCallExpression
        IdentifierExpression(statement)
  NextStatement(WHILE)
  NextStatement(FOR)
  NextStatement(FOREACH)
  NextStatement(LOOP)
  NextStatement(REPEAT)
  NextStatement(label)
  RaiseStatement(name)
    nullptr
  RaiseStatement(name,name)
    nullptr
  RaiseStatement(name)
    IdentityExpression
      IdentifierExpression(expr)
  RepeatStatement
    REPEAT
    IdentifierExpression(expr)
  RepeatStatement
    REPEAT
    IdentifierExpression(expr)
    ExpressionStatement
      FunctionCallExpression
        IdentifierExpression(statement)
  RepeatStatement
    REPEAT
    IdentifierExpression(expr)
    ExpressionStatement
      FunctionCallExpression
        IdentifierExpression(statement)
    ExpressionStatement
      FunctionCallExpression
        IdentifierExpression(statement)
  RepeatStatement
    label
    IdentifierExpression(expr)
    ExpressionStatement
      FunctionCallExpression
        IdentifierExpression(statement)
  ReturnStatement
    IdentifierExpression(expr)
  TestCaseStatement
    IdentifierExpression(expr)
  TestCaseStatement
    IdentifierExpression(expr)
  TestCaseStatement
    IdentifierExpression(expr)
  TryStatement
  TryStatement
    ExpressionStatement
      FunctionCallExpression
        IdentifierExpression(statement)
  TryStatement
    ExpressionStatement
      FunctionCallExpression
        IdentifierExpression(statement)
    ExpressionStatement
      FunctionCallExpression
        IdentifierExpression(statement)
  TryStatement
  TryStatement
  TryStatement
  TryStatement
  TryStatement
  UnusedStatement
  UnusedStatement
  WhileStatement
    IdentifierExpression(expr)
    WHILE
  WhileStatement
    IdentifierExpression(expr)
    WHILE
    ExpressionStatement
      FunctionCallExpression
        IdentifierExpression(statement)
  WhileStatement
    IdentifierExpression(expr)
    WHILE
    ExpressionStatement
      FunctionCallExpression
        IdentifierExpression(statement)
    ExpressionStatement
      FunctionCallExpression
        IdentifierExpression(statement)
  WhileStatement
    IdentifierExpression(expr)
    label
    ExpressionStatement
      FunctionCallExpression
        IdentifierExpression(statement)
  WhileStatement
    ValidPointerExpression
      IdentifierExpression(name)
    WHILE
  WhileStatement
    ValidPointerExpression
      IdentifierExpression(expr)
    WHILE
  WhileStatement
    ValidPointerExpression
      IdentifierExpression(expr)
      IdentifierExpression(expr)
    WHILE
  AssignmentStatement
    IdentifierExpression(name)
    IdentityExpression
      ConditionalExpression
        IdentifierExpression(expr)
        IdentifierExpression(expr)
        IdentifierExpression(expr)
  AssignmentStatement
    IdentifierExpression(name)
    IdentityExpression
      TryExpression
        IdentifierExpression(expr)
  AssignmentStatement
    IdentifierExpression(name)
    IdentityExpression
      TryExpression
        IdentifierExpression(expr)
  AssignmentStatement
    IdentifierExpression(name)
    IdentityExpression
      TryExpression
        IdentifierExpression(expr)
  AssignmentStatement
    IdentifierExpression(name)
    IdentityExpression
      TryExpression
        IdentifierExpression(expr)
  AssignmentStatement
    IdentifierExpression(name)
    IdentityExpression
      TryExpression
        IdentifierExpression(expr)
  AssignmentStatement
    IdentifierExpression(name)
    IdentityExpression
      TryExpression
        IdentifierExpression(expr)
  AssignmentStatement
    IdentifierExpression(name)
    IdentityExpression
      TryExpression
        IdentifierExpression(expr)
  AssignmentStatement
    IdentifierExpression(name)
    IdentityExpression
      TryExpression
        IdentifierExpression(expr)
  AssignmentStatement
    IdentifierExpression(name)
    DisjunctionExpression
      IdentifierExpression(expr)
      IdentifierExpression(expr)
  AssignmentStatement
    IdentifierExpression(name)
    ConjunctionExpression
      IdentifierExpression(expr)
      IdentifierExpression(expr)
  AssignmentStatement
    IdentifierExpression(name)
    MembershipExpression
      IdentifierExpression(expr)
      IdentifierExpression(expr)
  AssignmentStatement
    IdentifierExpression(name)
    LogicalNotExpression
      MembershipExpression
        IdentifierExpression(expr)
        IdentifierExpression(expr)
  AssignmentStatement
    IdentifierExpression(name)
    ComparisonExpression(EQ)
      IdentifierExpression(expr)
      IdentifierExpression(expr)
  AssignmentStatement
    IdentifierExpression(name)
    ComparisonExpression(NE)
      IdentifierExpression(expr)
      IdentifierExpression(expr)
  AssignmentStatement
    IdentifierExpression(name)
    ComparisonExpression(LT)
      IdentifierExpression(expr)
      IdentifierExpression(expr)
  AssignmentStatement
    IdentifierExpression(name)
    ComparisonExpression(GT)
      IdentifierExpression(expr)
      IdentifierExpression(expr)
  AssignmentStatement
    IdentifierExpression(name)
    ComparisonExpression(LE)
      IdentifierExpression(expr)
      IdentifierExpression(expr)
  AssignmentStatement
    IdentifierExpression(name)
    ComparisonExpression(GE)
      IdentifierExpression(expr)
      IdentifierExpression(expr)
  AssignmentStatement
    IdentifierExpression(name)
    ChainedComparisonExpression
      IdentifierExpression(a)
      IdentifierExpression(b)
      IdentifierExpression(c)
  AssignmentStatement
    IdentifierExpression(name)
    AdditionExpression
      IdentifierExpression(expr)
      IdentifierExpression(expr)
  AssignmentStatement
    IdentifierExpression(name)
    SubtractionExpression
      IdentifierExpression(expr)
      IdentifierExpression(expr)
  AssignmentStatement
    IdentifierExpression(name)
    ConcatenationExpression
      IdentifierExpression(expr)
      IdentifierExpression(expr)
  AssignmentStatement
    IdentifierExpression(name)
    MultiplicationExpression
      IdentifierExpression(expr)
      IdentifierExpression(expr)
  AssignmentStatement
    IdentifierExpression(name)
    DivisionExpression
      IdentifierExpression(expr)
      IdentifierExpression(expr)
  AssignmentStatement
    IdentifierExpression(name)
    IntegerDivisionExpression
      IdentifierExpression(expr)
      IdentifierExpression(expr)
  AssignmentStatement
    IdentifierExpression(name)
    ModuloExpression
      IdentifierExpression(expr)
      IdentifierExpression(expr)
  AssignmentStatement
    IdentifierExpression(name)
    ExponentiationExpression
      IdentifierExpression(expr)
      IdentifierExpression(expr)
  AssignmentStatement
    IdentifierExpression(name)
    InterpolatedStringExpression
      FormatString()
        StringLiteralExpression(a)
      FormatString()
        IdentifierExpression(b)
      FormatString()
        StringLiteralExpression(c)
  AssignmentStatement
    IdentifierExpression(name)
    SubscriptExpression
      IdentifierExpression(a)
      IdentifierExpression(b)
  AssignmentStatement
    IdentifierExpression(name)
    FunctionCallExpression
      IdentifierExpression(a)
      IdentifierExpression(b)
  AssignmentStatement
    IdentifierExpression(name)
    DotExpression(b)
      IdentifierExpression(a)
  AssignmentStatement
    IdentifierExpression(name)
    ArrowExpression(b)
      IdentifierExpression(a)
  AssignmentStatement
    IdentifierExpression(name)
    SubscriptExpression
      StringLiteralExpression(foo)
      IdentifierExpression(b)
  AssignmentStatement
    IdentifierExpression(name)
    FunctionCallExpression
      DotExpression(b)
        StringLiteralExpression(foo)
  AssignmentStatement
    IdentifierExpression(name)
    IdentityExpression
      IdentifierExpression(expr)
  AssignmentStatement
    IdentifierExpression(name)
    ArrayLiteralExpression
  AssignmentStatement
    IdentifierExpression(name)
    ArrayLiteralRangeExpression
      NumberLiteralExpression(1)
      NumberLiteralExpression(10)
      NumberLiteralExpression(1)
  AssignmentStatement
    IdentifierExpression(name)
    DictionaryLiteralExpression
  AssignmentStatement
    IdentifierExpression(name)
    BooleanLiteralExpression(false)
  AssignmentStatement
    IdentifierExpression(name)
    BooleanLiteralExpression(true)
  AssignmentStatement
    IdentifierExpression(name)
    NumberLiteralExpression(10)
  AssignmentStatement
    IdentifierExpression(name)
    StringLiteralExpression(abc)
  AssignmentStatement
    IdentifierExpression(name)
    FileLiteralExpression(file)
  AssignmentStatement
    IdentifierExpression(name)
    BytesLiteralExpression
  AssignmentStatement
    IdentifierExpression(name)
    UnaryPlusExpression
      IdentifierExpression(expr)
  AssignmentStatement
    IdentifierExpression(name)
    UnaryMinusExpression
      IdentifierExpression(expr)
  AssignmentStatement
    IdentifierExpression(name)
    LogicalNotExpression
      IdentifierExpression(expr)
  AssignmentStatement
    IdentifierExpression(name)
    NewClassExpression
      IdentifierExpression(type)
  AssignmentStatement
    IdentifierExpression(name)
    NewClassExpression
      DotExpression(type)
        IdentifierExpression(module)
  AssignmentStatement
    IdentifierExpression(name)
    NewClassExpression
      FunctionCallExpression
        IdentifierExpression(type)
        IdentifierExpression(arg)
  AssignmentStatement
    IdentifierExpression(name)
    NewClassExpression
      FunctionCallExpression
        DotExpression(type)
          IdentifierExpression(module)
        IdentifierExpression(arg)
  AssignmentStatement
    IdentifierExpression(name)
    NilLiteralExpression
  AssignmentStatement
    IdentifierExpression(name)
    NowhereLiteralExpression
  AssignmentStatement
    IdentifierExpression(name)
    ArrayLiteralExpression
  AssignmentStatement
    IdentifierExpression(name)
    ArrayLiteralExpression
      IdentifierExpression(expr)
  AssignmentStatement
    IdentifierExpression(name)
    ArrayLiteralExpression
      IdentifierExpression(expr)
      IdentifierExpression(expr)
  AssignmentStatement
    IdentifierExpression(name)
    ArrayLiteralExpression
      IdentifierExpression(expr)
      IdentifierExpression(expr)
  AssignmentStatement
    IdentifierExpression(name)
    ArrayLiteralRangeExpression
      IdentifierExpression(expr)
      IdentifierExpression(expr)
      NumberLiteralExpression(1)
  AssignmentStatement
    IdentifierExpression(name)
    ArrayLiteralRangeExpression
      IdentifierExpression(expr)
      IdentifierExpression(expr)
      IdentifierExpression(expr)
  AssignmentStatement
    IdentifierExpression(name)
    DictionaryLiteralExpression
  AssignmentStatement
    IdentifierExpression(name)
    DictionaryLiteralExpression
        StringLiteralExpression(key)
        IdentifierExpression(expr)
  AssignmentStatement
    IdentifierExpression(name)
    DictionaryLiteralExpression
        StringLiteralExpression(key)
        IdentifierExpression(expr)
        StringLiteralExpression(key)
        IdentifierExpression(expr)
  AssignmentStatement
    IdentifierExpression(name)
    DictionaryLiteralExpression
        StringLiteralExpression(key)
        IdentifierExpression(expr)
        StringLiteralExpression(key)
        IdentifierExpression(expr)
  AssignmentStatement
    IdentifierExpression(name)
    DictionaryLiteralExpression
        StringLiteralExpression(key)
        IdentifierExpression(expr)
        IdentifierExpression(key)
        IdentifierExpression(expr)
  AssignmentStatement
    IdentifierExpression(name)
    SubscriptExpression
      IdentifierExpression(name)
      IdentifierExpression(expr)
  AssignmentStatement
    IdentifierExpression(name)
    SubscriptExpression
      SubscriptExpression
        IdentifierExpression(name)
        IdentifierExpression(expr)
      IdentifierExpression(expr)
  AssignmentStatement
    IdentifierExpression(name)
    FunctionCallExpression
      IdentifierExpression(name)
  AssignmentStatement
    IdentifierExpression(name)
    FunctionCallExpression
      IdentifierExpression(name)
      IdentifierExpression(expr)
  AssignmentStatement
    IdentifierExpression(name)
    FunctionCallExpression
      IdentifierExpression(name)
      IdentifierExpression(expr)
      IdentifierExpression(expr)
  AssignmentStatement
    IdentifierExpression(name)
    DotExpression(name)
      IdentifierExpression(name)
  AssignmentStatement
    IdentifierExpression(name)
    ArrowExpression(name)
      IdentifierExpression(name)
  ExpressionStatement
    FunctionCallExpression
      IdentifierExpression(name)
      IdentifierExpression(expr)
  ExpressionStatement
    FunctionCallExpression
      IdentifierExpression(name)
      IdentifierExpression(expr)
  ExpressionStatement
    FunctionCallExpression
      IdentifierExpression(name)
      IdentifierExpression(expr)
  ExpressionStatement
    FunctionCallExpression
      IdentifierExpression(name)
      IdentifierExpression(expr)
  ExpressionStatement
    FunctionCallExpression
      IdentifierExpression(name)
      DummyExpression
  ExpressionStatement
    FunctionCallExpression
      IdentifierExpression(name)
      IdentifierExpression(expr)
  ExpressionStatement
    FunctionCallExpression
      IdentifierExpression(name)
      DummyExpression
  AssignmentStatement
    IdentifierExpression(name)
    SubscriptExpression
      IdentifierExpression(name)
      IdentifierExpression(expr)
  AssignmentStatement
    IdentifierExpression(name)
    RangeSubscriptExpression
      IdentifierExpression(name)
      IdentifierExpression(expr)
      IdentifierExpression(expr)
